2026-04-01 13:40:44,605 - INFO - Attempting to divide 10 by 5
2026-04-01 13:40:58,902 - INFO - Attempting to divide 10 by 5
2026-04-01 13:41:21,997 - INFO - Attempting to divide 10 by 5
2026-04-01 13:41:36,626 - INFO - Attempting to divide 10 by 0
2026-04-01 13:41:36,626 - ERROR - Someone tried to divide by zero!
2026-04-01 13:43:34,065 - INFO - Attempting to divide 10 by 8
2026-04-01 13:45:38,695 - INFO - Attempting to divide 10 by 8
2026-04-01 13:45:49,075 - INFO - Attempting to divide 10 by 9
2026-04-01 13:46:04,203 - INFO - Attempting to divide 10 by 0
2026-04-01 13:46:04,203 - ERROR - Someone tried to divide by zero!
2026-04-01 13:46:24,282 - INFO - Attempting to divide 10 by 0
2026-04-01 13:46:24,282 - ERROR - tried to divide by zero!
line 16 - 2026-04-01 15:12:15,300 - INFO - Attempting to divide 10 by 0
line 21 - 2026-04-01 15:12:15,300 - ERROR - tried to divide by zero!
line 119 - 2026-04-01 15:37:38,686 - INFO - Application started.
line 32 - 2026-04-01 15:37:49,559 - INFO - CustomerDataGenerator initialized with Faker.
line 48 - 2026-04-01 15:37:49,560 - INFO - Starting data generation for 200 records.
line 52 - 2026-04-01 15:37:49,560 - INFO - Math complete: 192 unique, 8 duplicates.
line 37 - 2026-04-01 15:37:49,560 - INFO - generating first_name.......
line 39 - 2026-04-01 15:37:49,561 - INFO - generating last_name.......
line 43 - 2026-04-01 15:37:49,561 - INFO - generating email.......
line 37 - 2026-04-01 15:37:49,561 - INFO - generating first_name.......
line 39 - 2026-04-01 15:37:49,562 - INFO - generating last_name.......
line 43 - 2026-04-01 15:37:49,562 - INFO - generating email.......
line 37 - 2026-04-01 15:37:49,563 - INFO - generating first_name.......
line 39 - 2026-04-01 15:37:49,563 - INFO - generating last_name.......
line 43 - 2026-04-01 15:37:49,563 - INFO - generating email.......
line 37 - 2026-04-01 15:37:49,563 - INFO - generating first_name.......
line 39 - 2026-04-01 15:37:49,563 - INFO - generating last_name.......
line 43 - 2026-04-01 15:37:49,564 - INFO - generating email.......
line 37 - 2026-04-01 15:37:49,565 - INFO - generating first_name.......
line 39 - 2026-04-01 15:37:49,565 - INFO - generating last_name.......
line 43 - 2026-04-01 15:37:49,565 - INFO - generating email.......
line 37 - 2026-04-01 15:37:49,565 - INFO - generating first_name.......
line 39 - 2026-04-01 15:37:49,567 - INFO - generating last_name.......
line 43 - 2026-04-01 15:37:49,567 - INFO - generating email.......
line 37 - 2026-04-01 15:37:49,567 - INFO - generating first_name.......
line 39 - 2026-04-01 15:37:49,567 - INFO - generating last_name.......
line 43 - 2026-04-01 15:37:49,568 - INFO - generating email.......
line 37 - 2026-04-01 15:37:49,568 - INFO - generating first_name.......
line 39 - 2026-04-01 15:37:49,568 - INFO - generating last_name.......
line 43 - 2026-04-01 15:37:49,569 - INFO - generating email.......
line 37 - 2026-04-01 15:37:49,569 - INFO - generating first_name.......
line 39 - 2026-04-01 15:37:49,569 - INFO - generating last_name.......
line 43 - 2026-04-01 15:37:49,570 - INFO - generating email.......
line 37 - 2026-04-01 15:37:49,570 - INFO - generating first_name.......
line 39 - 2026-04-01 15:37:49,570 - INFO - generating last_name.......
line 43 - 2026-04-01 15:37:49,570 - INFO - generating email.......
line 37 - 2026-04-01 15:37:49,570 - INFO - generating first_name.......
line 39 - 2026-04-01 15:37:49,571 - INFO - generating last_name.......
line 43 - 2026-04-01 15:37:49,571 - INFO - generating email.......
line 37 - 2026-04-01 15:37:49,573 - INFO - generating first_name.......
line 39 - 2026-04-01 15:37:49,573 - INFO - generating last_name.......
line 43 - 2026-04-01 15:37:49,573 - INFO - generating email.......
line 37 - 2026-04-01 15:37:49,574 - INFO - generating first_name.......
line 39 - 2026-04-01 15:37:49,574 - INFO - generating last_name.......
line 43 - 2026-04-01 15:37:49,574 - INFO - generating email.......
line 37 - 2026-04-01 15:37:49,575 - INFO - generating first_name.......
line 39 - 2026-04-01 15:37:49,575 - INFO - generating last_name.......
line 43 - 2026-04-01 15:37:49,575 - INFO - generating email.......
line 37 - 2026-04-01 15:37:49,575 - INFO - generating first_name.......
line 39 - 2026-04-01 15:37:49,576 - INFO - generating last_name.......
line 43 - 2026-04-01 15:37:49,576 - INFO - generating email.......
line 37 - 2026-04-01 15:37:49,576 - INFO - generating first_name.......
line 39 - 2026-04-01 15:37:49,576 - INFO - generating last_name.......
line 43 - 2026-04-01 15:37:49,577 - INFO - generating email.......
line 37 - 2026-04-01 15:37:49,577 - INFO - generating first_name.......
line 39 - 2026-04-01 15:37:49,577 - INFO - generating last_name.......
line 43 - 2026-04-01 15:37:49,577 - INFO - generating email.......
line 37 - 2026-04-01 15:37:49,579 - INFO - generating first_name.......
line 39 - 2026-04-01 15:37:49,579 - INFO - generating last_name.......
line 43 - 2026-04-01 15:37:49,579 - INFO - generating email.......
line 37 - 2026-04-01 15:37:49,579 - INFO - generating first_name.......
line 39 - 2026-04-01 15:37:49,580 - INFO - generating last_name.......
line 43 - 2026-04-01 15:37:49,580 - INFO - generating email.......
line 37 - 2026-04-01 15:37:49,581 - INFO - generating first_name.......
line 39 - 2026-04-01 15:37:49,581 - INFO - generating last_name.......
line 43 - 2026-04-01 15:37:49,581 - INFO - generating email.......
line 37 - 2026-04-01 15:37:49,581 - INFO - generating first_name.......
line 39 - 2026-04-01 15:37:49,582 - INFO - generating last_name.......
line 43 - 2026-04-01 15:37:49,582 - INFO - generating email.......
line 37 - 2026-04-01 15:37:49,582 - INFO - generating first_name.......
line 39 - 2026-04-01 15:37:49,582 - INFO - generating last_name.......
line 43 - 2026-04-01 15:37:49,583 - INFO - generating email.......
line 37 - 2026-04-01 15:37:49,583 - INFO - generating first_name.......
line 39 - 2026-04-01 15:37:49,584 - INFO - generating last_name.......
line 43 - 2026-04-01 15:37:49,584 - INFO - generating email.......
line 37 - 2026-04-01 15:37:49,584 - INFO - generating first_name.......
line 39 - 2026-04-01 15:37:49,585 - INFO - generating last_name.......
line 43 - 2026-04-01 15:37:49,585 - INFO - generating email.......
line 37 - 2026-04-01 15:37:49,586 - INFO - generating first_name.......
line 39 - 2026-04-01 15:37:49,586 - INFO - generating last_name.......
line 43 - 2026-04-01 15:37:49,586 - INFO - generating email.......
line 37 - 2026-04-01 15:37:49,587 - INFO - generating first_name.......
line 39 - 2026-04-01 15:37:49,587 - INFO - generating last_name.......
line 43 - 2026-04-01 15:37:49,588 - INFO - generating email.......
line 37 - 2026-04-01 15:37:49,588 - INFO - generating first_name.......
line 39 - 2026-04-01 15:37:49,589 - INFO - generating last_name.......
line 43 - 2026-04-01 15:37:49,589 - INFO - generating email.......
line 37 - 2026-04-01 15:37:49,589 - INFO - generating first_name.......
line 39 - 2026-04-01 15:37:49,590 - INFO - generating last_name.......
line 43 - 2026-04-01 15:37:49,590 - INFO - generating email.......
line 37 - 2026-04-01 15:37:49,590 - INFO - generating first_name.......
line 39 - 2026-04-01 15:37:49,591 - INFO - generating last_name.......
line 43 - 2026-04-01 15:37:49,591 - INFO - generating email.......
line 37 - 2026-04-01 15:37:49,591 - INFO - generating first_name.......
line 39 - 2026-04-01 15:37:49,591 - INFO - generating last_name.......
line 43 - 2026-04-01 15:37:49,592 - INFO - generating email.......
line 37 - 2026-04-01 15:37:49,592 - INFO - generating first_name.......
line 39 - 2026-04-01 15:37:49,592 - INFO - generating last_name.......
line 43 - 2026-04-01 15:37:49,594 - INFO - generating email.......
line 37 - 2026-04-01 15:37:49,594 - INFO - generating first_name.......
line 39 - 2026-04-01 15:37:49,594 - INFO - generating last_name.......
line 43 - 2026-04-01 15:37:49,596 - INFO - generating email.......
line 37 - 2026-04-01 15:37:49,596 - INFO - generating first_name.......
line 39 - 2026-04-01 15:37:49,597 - INFO - generating last_name.......
line 43 - 2026-04-01 15:37:49,597 - INFO - generating email.......
line 37 - 2026-04-01 15:37:49,598 - INFO - generating first_name.......
line 39 - 2026-04-01 15:37:49,598 - INFO - generating last_name.......
line 43 - 2026-04-01 15:37:49,600 - INFO - generating email.......
line 37 - 2026-04-01 15:37:49,600 - INFO - generating first_name.......
line 39 - 2026-04-01 15:37:49,600 - INFO - generating last_name.......
line 43 - 2026-04-01 15:37:49,600 - INFO - generating email.......
line 37 - 2026-04-01 15:37:49,601 - INFO - generating first_name.......
line 39 - 2026-04-01 15:37:49,602 - INFO - generating last_name.......
line 43 - 2026-04-01 15:37:49,602 - INFO - generating email.......
line 37 - 2026-04-01 15:37:49,603 - INFO - generating first_name.......
line 39 - 2026-04-01 15:37:49,604 - INFO - generating last_name.......
line 43 - 2026-04-01 15:37:49,604 - INFO - generating email.......
line 37 - 2026-04-01 15:37:49,605 - INFO - generating first_name.......
line 39 - 2026-04-01 15:37:49,606 - INFO - generating last_name.......
line 43 - 2026-04-01 15:37:49,606 - INFO - generating email.......
line 37 - 2026-04-01 15:37:49,607 - INFO - generating first_name.......
line 39 - 2026-04-01 15:37:49,608 - INFO - generating last_name.......
line 43 - 2026-04-01 15:37:49,608 - INFO - generating email.......
line 37 - 2026-04-01 15:37:49,609 - INFO - generating first_name.......
line 39 - 2026-04-01 15:37:49,609 - INFO - generating last_name.......
line 43 - 2026-04-01 15:37:49,609 - INFO - generating email.......
line 37 - 2026-04-01 15:37:49,609 - INFO - generating first_name.......
line 39 - 2026-04-01 15:37:49,610 - INFO - generating last_name.......
line 43 - 2026-04-01 15:37:49,610 - INFO - generating email.......
line 37 - 2026-04-01 15:37:49,610 - INFO - generating first_name.......
line 39 - 2026-04-01 15:37:49,611 - INFO - generating last_name.......
line 43 - 2026-04-01 15:37:49,611 - INFO - generating email.......
line 37 - 2026-04-01 15:37:49,611 - INFO - generating first_name.......
line 39 - 2026-04-01 15:37:49,612 - INFO - generating last_name.......
line 43 - 2026-04-01 15:37:49,612 - INFO - generating email.......
line 37 - 2026-04-01 15:37:49,612 - INFO - generating first_name.......
line 39 - 2026-04-01 15:37:49,613 - INFO - generating last_name.......
line 43 - 2026-04-01 15:37:49,613 - INFO - generating email.......
line 37 - 2026-04-01 15:37:49,614 - INFO - generating first_name.......
line 39 - 2026-04-01 15:37:49,614 - INFO - generating last_name.......
line 43 - 2026-04-01 15:37:49,614 - INFO - generating email.......
line 37 - 2026-04-01 15:37:49,614 - INFO - generating first_name.......
line 39 - 2026-04-01 15:37:49,614 - INFO - generating last_name.......
line 43 - 2026-04-01 15:37:49,615 - INFO - generating email.......
line 37 - 2026-04-01 15:37:49,615 - INFO - generating first_name.......
line 39 - 2026-04-01 15:37:49,615 - INFO - generating last_name.......
line 43 - 2026-04-01 15:37:49,616 - INFO - generating email.......
line 37 - 2026-04-01 15:37:49,616 - INFO - generating first_name.......
line 39 - 2026-04-01 15:37:49,616 - INFO - generating last_name.......
line 43 - 2026-04-01 15:37:49,617 - INFO - generating email.......
line 37 - 2026-04-01 15:37:49,617 - INFO - generating first_name.......
line 39 - 2026-04-01 15:37:49,617 - INFO - generating last_name.......
line 43 - 2026-04-01 15:37:49,618 - INFO - generating email.......
line 37 - 2026-04-01 15:37:49,618 - INFO - generating first_name.......
line 39 - 2026-04-01 15:37:49,619 - INFO - generating last_name.......
line 43 - 2026-04-01 15:37:49,619 - INFO - generating email.......
line 37 - 2026-04-01 15:37:49,619 - INFO - generating first_name.......
line 39 - 2026-04-01 15:37:49,619 - INFO - generating last_name.......
line 43 - 2026-04-01 15:37:49,619 - INFO - generating email.......
line 37 - 2026-04-01 15:37:49,620 - INFO - generating first_name.......
line 39 - 2026-04-01 15:37:49,620 - INFO - generating last_name.......
line 43 - 2026-04-01 15:37:49,620 - INFO - generating email.......
line 37 - 2026-04-01 15:37:49,620 - INFO - generating first_name.......
line 39 - 2026-04-01 15:37:49,621 - INFO - generating last_name.......
line 43 - 2026-04-01 15:37:49,621 - INFO - generating email.......
line 37 - 2026-04-01 15:37:49,621 - INFO - generating first_name.......
line 39 - 2026-04-01 15:37:49,622 - INFO - generating last_name.......
line 43 - 2026-04-01 15:37:49,622 - INFO - generating email.......
line 37 - 2026-04-01 15:37:49,622 - INFO - generating first_name.......
line 39 - 2026-04-01 15:37:49,622 - INFO - generating last_name.......
line 43 - 2026-04-01 15:37:49,622 - INFO - generating email.......
line 37 - 2026-04-01 15:37:49,622 - INFO - generating first_name.......
line 39 - 2026-04-01 15:37:49,624 - INFO - generating last_name.......
line 43 - 2026-04-01 15:37:49,624 - INFO - generating email.......
line 37 - 2026-04-01 15:37:49,624 - INFO - generating first_name.......
line 39 - 2026-04-01 15:37:49,624 - INFO - generating last_name.......
line 43 - 2026-04-01 15:37:49,625 - INFO - generating email.......
line 37 - 2026-04-01 15:37:49,625 - INFO - generating first_name.......
line 39 - 2026-04-01 15:37:49,625 - INFO - generating last_name.......
line 43 - 2026-04-01 15:37:49,626 - INFO - generating email.......
line 37 - 2026-04-01 15:37:49,626 - INFO - generating first_name.......
line 39 - 2026-04-01 15:37:49,627 - INFO - generating last_name.......
line 43 - 2026-04-01 15:37:49,627 - INFO - generating email.......
line 37 - 2026-04-01 15:37:49,627 - INFO - generating first_name.......
line 39 - 2026-04-01 15:37:49,627 - INFO - generating last_name.......
line 43 - 2026-04-01 15:37:49,628 - INFO - generating email.......
line 37 - 2026-04-01 15:37:49,628 - INFO - generating first_name.......
line 39 - 2026-04-01 15:37:49,629 - INFO - generating last_name.......
line 43 - 2026-04-01 15:37:49,629 - INFO - generating email.......
line 37 - 2026-04-01 15:37:49,630 - INFO - generating first_name.......
line 39 - 2026-04-01 15:37:49,630 - INFO - generating last_name.......
line 43 - 2026-04-01 15:37:49,630 - INFO - generating email.......
line 37 - 2026-04-01 15:37:49,631 - INFO - generating first_name.......
line 39 - 2026-04-01 15:37:49,631 - INFO - generating last_name.......
line 43 - 2026-04-01 15:37:49,631 - INFO - generating email.......
line 37 - 2026-04-01 15:37:49,632 - INFO - generating first_name.......
line 39 - 2026-04-01 15:37:49,632 - INFO - generating last_name.......
line 43 - 2026-04-01 15:37:49,632 - INFO - generating email.......
line 37 - 2026-04-01 15:37:49,633 - INFO - generating first_name.......
line 39 - 2026-04-01 15:37:49,633 - INFO - generating last_name.......
line 43 - 2026-04-01 15:37:49,633 - INFO - generating email.......
line 37 - 2026-04-01 15:37:49,635 - INFO - generating first_name.......
line 39 - 2026-04-01 15:37:49,635 - INFO - generating last_name.......
line 43 - 2026-04-01 15:37:49,636 - INFO - generating email.......
line 37 - 2026-04-01 15:37:49,636 - INFO - generating first_name.......
line 39 - 2026-04-01 15:37:49,636 - INFO - generating last_name.......
line 43 - 2026-04-01 15:37:49,636 - INFO - generating email.......
line 37 - 2026-04-01 15:37:49,638 - INFO - generating first_name.......
line 39 - 2026-04-01 15:37:49,638 - INFO - generating last_name.......
line 43 - 2026-04-01 15:37:49,638 - INFO - generating email.......
line 37 - 2026-04-01 15:37:49,639 - INFO - generating first_name.......
line 39 - 2026-04-01 15:37:49,639 - INFO - generating last_name.......
line 43 - 2026-04-01 15:37:49,639 - INFO - generating email.......
line 37 - 2026-04-01 15:37:49,640 - INFO - generating first_name.......
line 39 - 2026-04-01 15:37:49,640 - INFO - generating last_name.......
line 43 - 2026-04-01 15:37:49,641 - INFO - generating email.......
line 37 - 2026-04-01 15:37:49,641 - INFO - generating first_name.......
line 39 - 2026-04-01 15:37:49,642 - INFO - generating last_name.......
line 43 - 2026-04-01 15:37:49,642 - INFO - generating email.......
line 37 - 2026-04-01 15:37:49,643 - INFO - generating first_name.......
line 39 - 2026-04-01 15:37:49,643 - INFO - generating last_name.......
line 43 - 2026-04-01 15:37:49,644 - INFO - generating email.......
line 37 - 2026-04-01 15:37:49,644 - INFO - generating first_name.......
line 39 - 2026-04-01 15:37:49,645 - INFO - generating last_name.......
line 43 - 2026-04-01 15:37:49,646 - INFO - generating email.......
line 37 - 2026-04-01 15:37:49,646 - INFO - generating first_name.......
line 39 - 2026-04-01 15:37:49,646 - INFO - generating last_name.......
line 43 - 2026-04-01 15:37:49,646 - INFO - generating email.......
line 37 - 2026-04-01 15:37:49,646 - INFO - generating first_name.......
line 39 - 2026-04-01 15:37:49,646 - INFO - generating last_name.......
line 43 - 2026-04-01 15:37:49,646 - INFO - generating email.......
line 37 - 2026-04-01 15:37:49,650 - INFO - generating first_name.......
line 39 - 2026-04-01 15:37:49,650 - INFO - generating last_name.......
line 43 - 2026-04-01 15:37:49,650 - INFO - generating email.......
line 37 - 2026-04-01 15:37:49,650 - INFO - generating first_name.......
line 39 - 2026-04-01 15:37:49,650 - INFO - generating last_name.......
line 43 - 2026-04-01 15:37:49,650 - INFO - generating email.......
line 37 - 2026-04-01 15:37:49,650 - INFO - generating first_name.......
line 39 - 2026-04-01 15:37:49,650 - INFO - generating last_name.......
line 43 - 2026-04-01 15:37:49,650 - INFO - generating email.......
line 37 - 2026-04-01 15:37:49,650 - INFO - generating first_name.......
line 39 - 2026-04-01 15:37:49,650 - INFO - generating last_name.......
line 43 - 2026-04-01 15:37:49,650 - INFO - generating email.......
line 37 - 2026-04-01 15:37:49,650 - INFO - generating first_name.......
line 39 - 2026-04-01 15:37:49,650 - INFO - generating last_name.......
line 43 - 2026-04-01 15:37:49,650 - INFO - generating email.......
line 37 - 2026-04-01 15:37:49,650 - INFO - generating first_name.......
line 39 - 2026-04-01 15:37:49,650 - INFO - generating last_name.......
line 43 - 2026-04-01 15:37:49,650 - INFO - generating email.......
line 37 - 2026-04-01 15:37:49,650 - INFO - generating first_name.......
line 39 - 2026-04-01 15:37:49,650 - INFO - generating last_name.......
line 43 - 2026-04-01 15:37:49,650 - INFO - generating email.......
line 37 - 2026-04-01 15:37:49,650 - INFO - generating first_name.......
line 39 - 2026-04-01 15:37:49,650 - INFO - generating last_name.......
line 43 - 2026-04-01 15:37:49,650 - INFO - generating email.......
line 37 - 2026-04-01 15:37:49,650 - INFO - generating first_name.......
line 39 - 2026-04-01 15:37:49,650 - INFO - generating last_name.......
line 43 - 2026-04-01 15:37:49,650 - INFO - generating email.......
line 37 - 2026-04-01 15:37:49,662 - INFO - generating first_name.......
line 39 - 2026-04-01 15:37:49,662 - INFO - generating last_name.......
line 43 - 2026-04-01 15:37:49,662 - INFO - generating email.......
line 37 - 2026-04-01 15:37:49,663 - INFO - generating first_name.......
line 39 - 2026-04-01 15:37:49,663 - INFO - generating last_name.......
line 43 - 2026-04-01 15:37:49,663 - INFO - generating email.......
line 37 - 2026-04-01 15:37:49,663 - INFO - generating first_name.......
line 39 - 2026-04-01 15:37:49,665 - INFO - generating last_name.......
line 43 - 2026-04-01 15:37:49,665 - INFO - generating email.......
line 37 - 2026-04-01 15:37:49,665 - INFO - generating first_name.......
line 39 - 2026-04-01 15:37:49,665 - INFO - generating last_name.......
line 43 - 2026-04-01 15:37:49,665 - INFO - generating email.......
line 37 - 2026-04-01 15:37:49,666 - INFO - generating first_name.......
line 39 - 2026-04-01 15:37:49,666 - INFO - generating last_name.......
line 43 - 2026-04-01 15:37:49,666 - INFO - generating email.......
line 37 - 2026-04-01 15:37:49,667 - INFO - generating first_name.......
line 39 - 2026-04-01 15:37:49,667 - INFO - generating last_name.......
line 43 - 2026-04-01 15:37:49,667 - INFO - generating email.......
line 37 - 2026-04-01 15:37:49,667 - INFO - generating first_name.......
line 39 - 2026-04-01 15:37:49,669 - INFO - generating last_name.......
line 43 - 2026-04-01 15:37:49,669 - INFO - generating email.......
line 37 - 2026-04-01 15:37:49,670 - INFO - generating first_name.......
line 39 - 2026-04-01 15:37:49,670 - INFO - generating last_name.......
line 43 - 2026-04-01 15:37:49,671 - INFO - generating email.......
line 37 - 2026-04-01 15:37:49,671 - INFO - generating first_name.......
line 39 - 2026-04-01 15:37:49,671 - INFO - generating last_name.......
line 43 - 2026-04-01 15:37:49,672 - INFO - generating email.......
line 37 - 2026-04-01 15:37:49,672 - INFO - generating first_name.......
line 39 - 2026-04-01 15:37:49,673 - INFO - generating last_name.......
line 43 - 2026-04-01 15:37:49,673 - INFO - generating email.......
line 37 - 2026-04-01 15:37:49,674 - INFO - generating first_name.......
line 39 - 2026-04-01 15:37:49,674 - INFO - generating last_name.......
line 43 - 2026-04-01 15:37:49,675 - INFO - generating email.......
line 37 - 2026-04-01 15:37:49,675 - INFO - generating first_name.......
line 39 - 2026-04-01 15:37:49,677 - INFO - generating last_name.......
line 43 - 2026-04-01 15:37:49,677 - INFO - generating email.......
line 37 - 2026-04-01 15:37:49,677 - INFO - generating first_name.......
line 39 - 2026-04-01 15:37:49,679 - INFO - generating last_name.......
line 43 - 2026-04-01 15:37:49,679 - INFO - generating email.......
line 37 - 2026-04-01 15:37:49,679 - INFO - generating first_name.......
line 39 - 2026-04-01 15:37:49,680 - INFO - generating last_name.......
line 43 - 2026-04-01 15:37:49,680 - INFO - generating email.......
line 37 - 2026-04-01 15:37:49,680 - INFO - generating first_name.......
line 39 - 2026-04-01 15:37:49,680 - INFO - generating last_name.......
line 43 - 2026-04-01 15:37:49,680 - INFO - generating email.......
line 37 - 2026-04-01 15:37:49,681 - INFO - generating first_name.......
line 39 - 2026-04-01 15:37:49,681 - INFO - generating last_name.......
line 43 - 2026-04-01 15:37:49,683 - INFO - generating email.......
line 37 - 2026-04-01 15:37:49,683 - INFO - generating first_name.......
line 39 - 2026-04-01 15:37:49,683 - INFO - generating last_name.......
line 43 - 2026-04-01 15:37:49,684 - INFO - generating email.......
line 37 - 2026-04-01 15:37:49,684 - INFO - generating first_name.......
line 39 - 2026-04-01 15:37:49,684 - INFO - generating last_name.......
line 43 - 2026-04-01 15:37:49,685 - INFO - generating email.......
line 37 - 2026-04-01 15:37:49,685 - INFO - generating first_name.......
line 39 - 2026-04-01 15:37:49,685 - INFO - generating last_name.......
line 43 - 2026-04-01 15:37:49,686 - INFO - generating email.......
line 37 - 2026-04-01 15:37:49,686 - INFO - generating first_name.......
line 39 - 2026-04-01 15:37:49,687 - INFO - generating last_name.......
line 43 - 2026-04-01 15:37:49,687 - INFO - generating email.......
line 37 - 2026-04-01 15:37:49,687 - INFO - generating first_name.......
line 39 - 2026-04-01 15:37:49,688 - INFO - generating last_name.......
line 43 - 2026-04-01 15:37:49,688 - INFO - generating email.......
line 37 - 2026-04-01 15:37:49,688 - INFO - generating first_name.......
line 39 - 2026-04-01 15:37:49,688 - INFO - generating last_name.......
line 43 - 2026-04-01 15:37:49,689 - INFO - generating email.......
line 37 - 2026-04-01 15:37:49,689 - INFO - generating first_name.......
line 39 - 2026-04-01 15:37:49,691 - INFO - generating last_name.......
line 43 - 2026-04-01 15:37:49,691 - INFO - generating email.......
line 37 - 2026-04-01 15:37:49,691 - INFO - generating first_name.......
line 39 - 2026-04-01 15:37:49,691 - INFO - generating last_name.......
line 43 - 2026-04-01 15:37:49,691 - INFO - generating email.......
line 37 - 2026-04-01 15:37:49,691 - INFO - generating first_name.......
line 39 - 2026-04-01 15:37:49,691 - INFO - generating last_name.......
line 43 - 2026-04-01 15:37:49,691 - INFO - generating email.......
line 37 - 2026-04-01 15:37:49,691 - INFO - generating first_name.......
line 39 - 2026-04-01 15:37:49,695 - INFO - generating last_name.......
line 43 - 2026-04-01 15:37:49,695 - INFO - generating email.......
line 37 - 2026-04-01 15:37:49,695 - INFO - generating first_name.......
line 39 - 2026-04-01 15:37:49,697 - INFO - generating last_name.......
line 43 - 2026-04-01 15:37:49,697 - INFO - generating email.......
line 37 - 2026-04-01 15:37:49,698 - INFO - generating first_name.......
line 39 - 2026-04-01 15:37:49,698 - INFO - generating last_name.......
line 43 - 2026-04-01 15:37:49,698 - INFO - generating email.......
line 37 - 2026-04-01 15:37:49,698 - INFO - generating first_name.......
line 39 - 2026-04-01 15:37:49,699 - INFO - generating last_name.......
line 43 - 2026-04-01 15:37:49,699 - INFO - generating email.......
line 37 - 2026-04-01 15:37:49,699 - INFO - generating first_name.......
line 39 - 2026-04-01 15:37:49,700 - INFO - generating last_name.......
line 43 - 2026-04-01 15:37:49,700 - INFO - generating email.......
line 37 - 2026-04-01 15:37:49,701 - INFO - generating first_name.......
line 39 - 2026-04-01 15:37:49,702 - INFO - generating last_name.......
line 43 - 2026-04-01 15:37:49,702 - INFO - generating email.......
line 37 - 2026-04-01 15:37:49,702 - INFO - generating first_name.......
line 39 - 2026-04-01 15:37:49,702 - INFO - generating last_name.......
line 43 - 2026-04-01 15:37:49,704 - INFO - generating email.......
line 37 - 2026-04-01 15:37:49,704 - INFO - generating first_name.......
line 39 - 2026-04-01 15:37:49,705 - INFO - generating last_name.......
line 43 - 2026-04-01 15:37:49,705 - INFO - generating email.......
line 37 - 2026-04-01 15:37:49,705 - INFO - generating first_name.......
line 39 - 2026-04-01 15:37:49,706 - INFO - generating last_name.......
line 43 - 2026-04-01 15:37:49,706 - INFO - generating email.......
line 37 - 2026-04-01 15:37:49,706 - INFO - generating first_name.......
line 39 - 2026-04-01 15:37:49,707 - INFO - generating last_name.......
line 43 - 2026-04-01 15:37:49,707 - INFO - generating email.......
line 37 - 2026-04-01 15:37:49,708 - INFO - generating first_name.......
line 39 - 2026-04-01 15:37:49,708 - INFO - generating last_name.......
line 43 - 2026-04-01 15:37:49,708 - INFO - generating email.......
line 37 - 2026-04-01 15:37:49,709 - INFO - generating first_name.......
line 39 - 2026-04-01 15:37:49,709 - INFO - generating last_name.......
line 43 - 2026-04-01 15:37:49,709 - INFO - generating email.......
line 37 - 2026-04-01 15:37:49,709 - INFO - generating first_name.......
line 39 - 2026-04-01 15:37:49,709 - INFO - generating last_name.......
line 43 - 2026-04-01 15:37:49,711 - INFO - generating email.......
line 37 - 2026-04-01 15:37:49,711 - INFO - generating first_name.......
line 39 - 2026-04-01 15:37:49,711 - INFO - generating last_name.......
line 43 - 2026-04-01 15:37:49,712 - INFO - generating email.......
line 37 - 2026-04-01 15:37:49,713 - INFO - generating first_name.......
line 39 - 2026-04-01 15:37:49,713 - INFO - generating last_name.......
line 43 - 2026-04-01 15:37:49,713 - INFO - generating email.......
line 37 - 2026-04-01 15:37:49,714 - INFO - generating first_name.......
line 39 - 2026-04-01 15:37:49,714 - INFO - generating last_name.......
line 43 - 2026-04-01 15:37:49,714 - INFO - generating email.......
line 37 - 2026-04-01 15:37:49,714 - INFO - generating first_name.......
line 39 - 2026-04-01 15:37:49,715 - INFO - generating last_name.......
line 43 - 2026-04-01 15:37:49,715 - INFO - generating email.......
line 37 - 2026-04-01 15:37:49,715 - INFO - generating first_name.......
line 39 - 2026-04-01 15:37:49,715 - INFO - generating last_name.......
line 43 - 2026-04-01 15:37:49,716 - INFO - generating email.......
line 37 - 2026-04-01 15:37:49,716 - INFO - generating first_name.......
line 39 - 2026-04-01 15:37:49,716 - INFO - generating last_name.......
line 43 - 2026-04-01 15:37:49,716 - INFO - generating email.......
line 37 - 2026-04-01 15:37:49,717 - INFO - generating first_name.......
line 39 - 2026-04-01 15:37:49,717 - INFO - generating last_name.......
line 43 - 2026-04-01 15:37:49,717 - INFO - generating email.......
line 37 - 2026-04-01 15:37:49,718 - INFO - generating first_name.......
line 39 - 2026-04-01 15:37:49,718 - INFO - generating last_name.......
line 43 - 2026-04-01 15:37:49,718 - INFO - generating email.......
line 37 - 2026-04-01 15:37:49,719 - INFO - generating first_name.......
line 39 - 2026-04-01 15:37:49,719 - INFO - generating last_name.......
line 43 - 2026-04-01 15:37:49,719 - INFO - generating email.......
line 37 - 2026-04-01 15:37:49,720 - INFO - generating first_name.......
line 39 - 2026-04-01 15:37:49,720 - INFO - generating last_name.......
line 43 - 2026-04-01 15:37:49,720 - INFO - generating email.......
line 37 - 2026-04-01 15:37:49,721 - INFO - generating first_name.......
line 39 - 2026-04-01 15:37:49,721 - INFO - generating last_name.......
line 43 - 2026-04-01 15:37:49,721 - INFO - generating email.......
line 37 - 2026-04-01 15:37:49,722 - INFO - generating first_name.......
line 39 - 2026-04-01 15:37:49,722 - INFO - generating last_name.......
line 43 - 2026-04-01 15:37:49,723 - INFO - generating email.......
line 37 - 2026-04-01 15:37:49,723 - INFO - generating first_name.......
line 39 - 2026-04-01 15:37:49,724 - INFO - generating last_name.......
line 43 - 2026-04-01 15:37:49,724 - INFO - generating email.......
line 37 - 2026-04-01 15:37:49,724 - INFO - generating first_name.......
line 39 - 2026-04-01 15:37:49,725 - INFO - generating last_name.......
line 43 - 2026-04-01 15:37:49,725 - INFO - generating email.......
line 37 - 2026-04-01 15:37:49,725 - INFO - generating first_name.......
line 39 - 2026-04-01 15:37:49,726 - INFO - generating last_name.......
line 43 - 2026-04-01 15:37:49,726 - INFO - generating email.......
line 37 - 2026-04-01 15:37:49,726 - INFO - generating first_name.......
line 39 - 2026-04-01 15:37:49,727 - INFO - generating last_name.......
line 43 - 2026-04-01 15:37:49,727 - INFO - generating email.......
line 37 - 2026-04-01 15:37:49,728 - INFO - generating first_name.......
line 39 - 2026-04-01 15:37:49,729 - INFO - generating last_name.......
line 43 - 2026-04-01 15:37:49,729 - INFO - generating email.......
line 37 - 2026-04-01 15:37:49,729 - INFO - generating first_name.......
line 39 - 2026-04-01 15:37:49,730 - INFO - generating last_name.......
line 43 - 2026-04-01 15:37:49,730 - INFO - generating email.......
line 37 - 2026-04-01 15:37:49,732 - INFO - generating first_name.......
line 39 - 2026-04-01 15:37:49,732 - INFO - generating last_name.......
line 43 - 2026-04-01 15:37:49,733 - INFO - generating email.......
line 37 - 2026-04-01 15:37:49,733 - INFO - generating first_name.......
line 39 - 2026-04-01 15:37:49,733 - INFO - generating last_name.......
line 43 - 2026-04-01 15:37:49,735 - INFO - generating email.......
line 37 - 2026-04-01 15:37:49,735 - INFO - generating first_name.......
line 39 - 2026-04-01 15:37:49,736 - INFO - generating last_name.......
line 43 - 2026-04-01 15:37:49,736 - INFO - generating email.......
line 37 - 2026-04-01 15:37:49,736 - INFO - generating first_name.......
line 39 - 2026-04-01 15:37:49,736 - INFO - generating last_name.......
line 43 - 2026-04-01 15:37:49,736 - INFO - generating email.......
line 37 - 2026-04-01 15:37:49,736 - INFO - generating first_name.......
line 39 - 2026-04-01 15:37:49,739 - INFO - generating last_name.......
line 43 - 2026-04-01 15:37:49,739 - INFO - generating email.......
line 37 - 2026-04-01 15:37:49,739 - INFO - generating first_name.......
line 39 - 2026-04-01 15:37:49,739 - INFO - generating last_name.......
line 43 - 2026-04-01 15:37:49,739 - INFO - generating email.......
line 37 - 2026-04-01 15:37:49,739 - INFO - generating first_name.......
line 39 - 2026-04-01 15:37:49,741 - INFO - generating last_name.......
line 43 - 2026-04-01 15:37:49,741 - INFO - generating email.......
line 37 - 2026-04-01 15:37:49,741 - INFO - generating first_name.......
line 39 - 2026-04-01 15:37:49,741 - INFO - generating last_name.......
line 43 - 2026-04-01 15:37:49,741 - INFO - generating email.......
line 37 - 2026-04-01 15:37:49,743 - INFO - generating first_name.......
line 39 - 2026-04-01 15:37:49,743 - INFO - generating last_name.......
line 43 - 2026-04-01 15:37:49,743 - INFO - generating email.......
line 37 - 2026-04-01 15:37:49,743 - INFO - generating first_name.......
line 39 - 2026-04-01 15:37:49,744 - INFO - generating last_name.......
line 43 - 2026-04-01 15:37:49,744 - INFO - generating email.......
line 37 - 2026-04-01 15:37:49,745 - INFO - generating first_name.......
line 39 - 2026-04-01 15:37:49,745 - INFO - generating last_name.......
line 43 - 2026-04-01 15:37:49,746 - INFO - generating email.......
line 37 - 2026-04-01 15:37:49,746 - INFO - generating first_name.......
line 39 - 2026-04-01 15:37:49,746 - INFO - generating last_name.......
line 43 - 2026-04-01 15:37:49,748 - INFO - generating email.......
line 37 - 2026-04-01 15:37:49,748 - INFO - generating first_name.......
line 39 - 2026-04-01 15:37:49,748 - INFO - generating last_name.......
line 43 - 2026-04-01 15:37:49,749 - INFO - generating email.......
line 37 - 2026-04-01 15:37:49,749 - INFO - generating first_name.......
line 39 - 2026-04-01 15:37:49,750 - INFO - generating last_name.......
line 43 - 2026-04-01 15:37:49,750 - INFO - generating email.......
line 37 - 2026-04-01 15:37:49,750 - INFO - generating first_name.......
line 39 - 2026-04-01 15:37:49,750 - INFO - generating last_name.......
line 43 - 2026-04-01 15:37:49,751 - INFO - generating email.......
line 37 - 2026-04-01 15:37:49,751 - INFO - generating first_name.......
line 39 - 2026-04-01 15:37:49,751 - INFO - generating last_name.......
line 43 - 2026-04-01 15:37:49,752 - INFO - generating email.......
line 37 - 2026-04-01 15:37:49,752 - INFO - generating first_name.......
line 39 - 2026-04-01 15:37:49,752 - INFO - generating last_name.......
line 43 - 2026-04-01 15:37:49,752 - INFO - generating email.......
line 37 - 2026-04-01 15:37:49,754 - INFO - generating first_name.......
line 39 - 2026-04-01 15:37:49,754 - INFO - generating last_name.......
line 43 - 2026-04-01 15:37:49,754 - INFO - generating email.......
line 37 - 2026-04-01 15:37:49,754 - INFO - generating first_name.......
line 39 - 2026-04-01 15:37:49,755 - INFO - generating last_name.......
line 43 - 2026-04-01 15:37:49,755 - INFO - generating email.......
line 37 - 2026-04-01 15:37:49,755 - INFO - generating first_name.......
line 39 - 2026-04-01 15:37:49,756 - INFO - generating last_name.......
line 43 - 2026-04-01 15:37:49,756 - INFO - generating email.......
line 37 - 2026-04-01 15:37:49,756 - INFO - generating first_name.......
line 39 - 2026-04-01 15:37:49,756 - INFO - generating last_name.......
line 43 - 2026-04-01 15:37:49,757 - INFO - generating email.......
line 37 - 2026-04-01 15:37:49,757 - INFO - generating first_name.......
line 39 - 2026-04-01 15:37:49,757 - INFO - generating last_name.......
line 43 - 2026-04-01 15:37:49,758 - INFO - generating email.......
line 37 - 2026-04-01 15:37:49,758 - INFO - generating first_name.......
line 39 - 2026-04-01 15:37:49,758 - INFO - generating last_name.......
line 43 - 2026-04-01 15:37:49,759 - INFO - generating email.......
line 37 - 2026-04-01 15:37:49,759 - INFO - generating first_name.......
line 39 - 2026-04-01 15:37:49,759 - INFO - generating last_name.......
line 43 - 2026-04-01 15:37:49,760 - INFO - generating email.......
line 37 - 2026-04-01 15:37:49,760 - INFO - generating first_name.......
line 39 - 2026-04-01 15:37:49,761 - INFO - generating last_name.......
line 43 - 2026-04-01 15:37:49,761 - INFO - generating email.......
line 37 - 2026-04-01 15:37:49,761 - INFO - generating first_name.......
line 39 - 2026-04-01 15:37:49,762 - INFO - generating last_name.......
line 43 - 2026-04-01 15:37:49,762 - INFO - generating email.......
line 37 - 2026-04-01 15:37:49,762 - INFO - generating first_name.......
line 39 - 2026-04-01 15:37:49,762 - INFO - generating last_name.......
line 43 - 2026-04-01 15:37:49,763 - INFO - generating email.......
line 37 - 2026-04-01 15:37:49,763 - INFO - generating first_name.......
line 39 - 2026-04-01 15:37:49,763 - INFO - generating last_name.......
line 43 - 2026-04-01 15:37:49,763 - INFO - generating email.......
line 37 - 2026-04-01 15:37:49,763 - INFO - generating first_name.......
line 39 - 2026-04-01 15:37:49,765 - INFO - generating last_name.......
line 43 - 2026-04-01 15:37:49,765 - INFO - generating email.......
line 37 - 2026-04-01 15:37:49,765 - INFO - generating first_name.......
line 39 - 2026-04-01 15:37:49,766 - INFO - generating last_name.......
line 43 - 2026-04-01 15:37:49,766 - INFO - generating email.......
line 37 - 2026-04-01 15:37:49,766 - INFO - generating first_name.......
line 39 - 2026-04-01 15:37:49,767 - INFO - generating last_name.......
line 43 - 2026-04-01 15:37:49,767 - INFO - generating email.......
line 37 - 2026-04-01 15:37:49,767 - INFO - generating first_name.......
line 39 - 2026-04-01 15:37:49,769 - INFO - generating last_name.......
line 43 - 2026-04-01 15:37:49,769 - INFO - generating email.......
line 37 - 2026-04-01 15:37:49,769 - INFO - generating first_name.......
line 39 - 2026-04-01 15:37:49,769 - INFO - generating last_name.......
line 43 - 2026-04-01 15:37:49,770 - INFO - generating email.......
line 37 - 2026-04-01 15:37:49,770 - INFO - generating first_name.......
line 39 - 2026-04-01 15:37:49,770 - INFO - generating last_name.......
line 43 - 2026-04-01 15:37:49,770 - INFO - generating email.......
line 37 - 2026-04-01 15:37:49,770 - INFO - generating first_name.......
line 39 - 2026-04-01 15:37:49,770 - INFO - generating last_name.......
line 43 - 2026-04-01 15:37:49,771 - INFO - generating email.......
line 37 - 2026-04-01 15:37:49,771 - INFO - generating first_name.......
line 39 - 2026-04-01 15:37:49,771 - INFO - generating last_name.......
line 43 - 2026-04-01 15:37:49,771 - INFO - generating email.......
line 37 - 2026-04-01 15:37:49,771 - INFO - generating first_name.......
line 39 - 2026-04-01 15:37:49,771 - INFO - generating last_name.......
line 43 - 2026-04-01 15:37:49,773 - INFO - generating email.......
line 37 - 2026-04-01 15:37:49,773 - INFO - generating first_name.......
line 39 - 2026-04-01 15:37:49,773 - INFO - generating last_name.......
line 43 - 2026-04-01 15:37:49,774 - INFO - generating email.......
line 37 - 2026-04-01 15:37:49,774 - INFO - generating first_name.......
line 39 - 2026-04-01 15:37:49,774 - INFO - generating last_name.......
line 43 - 2026-04-01 15:37:49,774 - INFO - generating email.......
line 37 - 2026-04-01 15:37:49,774 - INFO - generating first_name.......
line 39 - 2026-04-01 15:37:49,777 - INFO - generating last_name.......
line 43 - 2026-04-01 15:37:49,777 - INFO - generating email.......
line 37 - 2026-04-01 15:37:49,777 - INFO - generating first_name.......
line 39 - 2026-04-01 15:37:49,777 - INFO - generating last_name.......
line 43 - 2026-04-01 15:37:49,777 - INFO - generating email.......
line 37 - 2026-04-01 15:37:49,779 - INFO - generating first_name.......
line 39 - 2026-04-01 15:37:49,779 - INFO - generating last_name.......
line 43 - 2026-04-01 15:37:49,779 - INFO - generating email.......
line 37 - 2026-04-01 15:37:49,779 - INFO - generating first_name.......
line 39 - 2026-04-01 15:37:49,780 - INFO - generating last_name.......
line 43 - 2026-04-01 15:37:49,780 - INFO - generating email.......
line 37 - 2026-04-01 15:37:49,780 - INFO - generating first_name.......
line 39 - 2026-04-01 15:37:49,781 - INFO - generating last_name.......
line 43 - 2026-04-01 15:37:49,781 - INFO - generating email.......
line 37 - 2026-04-01 15:37:49,781 - INFO - generating first_name.......
line 39 - 2026-04-01 15:37:49,781 - INFO - generating last_name.......
line 43 - 2026-04-01 15:37:49,782 - INFO - generating email.......
line 37 - 2026-04-01 15:37:49,782 - INFO - generating first_name.......
line 39 - 2026-04-01 15:37:49,782 - INFO - generating last_name.......
line 43 - 2026-04-01 15:37:49,784 - INFO - generating email.......
line 37 - 2026-04-01 15:37:49,784 - INFO - generating first_name.......
line 39 - 2026-04-01 15:37:49,784 - INFO - generating last_name.......
line 43 - 2026-04-01 15:37:49,785 - INFO - generating email.......
line 37 - 2026-04-01 15:37:49,785 - INFO - generating first_name.......
line 39 - 2026-04-01 15:37:49,785 - INFO - generating last_name.......
line 43 - 2026-04-01 15:37:49,785 - INFO - generating email.......
line 37 - 2026-04-01 15:37:49,786 - INFO - generating first_name.......
line 39 - 2026-04-01 15:37:49,786 - INFO - generating last_name.......
line 43 - 2026-04-01 15:37:49,786 - INFO - generating email.......
line 37 - 2026-04-01 15:37:49,786 - INFO - generating first_name.......
line 39 - 2026-04-01 15:37:49,786 - INFO - generating last_name.......
line 43 - 2026-04-01 15:37:49,786 - INFO - generating email.......
line 37 - 2026-04-01 15:37:49,787 - INFO - generating first_name.......
line 39 - 2026-04-01 15:37:49,787 - INFO - generating last_name.......
line 43 - 2026-04-01 15:37:49,787 - INFO - generating email.......
line 37 - 2026-04-01 15:37:49,788 - INFO - generating first_name.......
line 39 - 2026-04-01 15:37:49,788 - INFO - generating last_name.......
line 43 - 2026-04-01 15:37:49,788 - INFO - generating email.......
line 66 - 2026-04-01 15:37:49,788 - INFO - Creating Spark DataFrame...
line 72 - 2026-04-01 15:37:51,572 - INFO - Data generation and duplication successful.
line 76 - 2026-04-01 15:37:51,573 - INFO - Calculating summary statistics...
line 116 - 2026-04-01 15:42:22,039 - INFO - Summary printed to console.
line 139 - 2026-04-01 15:42:39,654 - INFO - Stoping Spark Session
line 141 - 2026-04-01 15:42:40,637 - INFO - Application finished sucessfully
line 570 - 2026-04-01 15:42:40,653 - INFO - Closing down clientserver connection
line 116 - 2026-04-01 15:43:32,135 - INFO - Application started.
line 570 - 2026-04-01 15:43:40,823 - INFO - Closing down clientserver connection
line 116 - 2026-04-01 15:44:33,293 - INFO - Application started.
line 570 - 2026-04-01 15:44:41,072 - INFO - Closing down clientserver connection
line 116 - 2026-04-01 15:45:08,155 - INFO - Application started.
line 127 - 2026-04-01 15:45:16,081 - WARNING - No record count provided. Exiting program
line 570 - 2026-04-01 15:45:16,569 - INFO - Closing down clientserver connection
line 116 - 2026-04-01 15:45:52,660 - INFO - Application started.
line 32 - 2026-04-01 15:46:00,370 - INFO - CustomerDataGenerator initialized with Faker.
line 45 - 2026-04-01 15:46:00,370 - INFO - Starting data generation for 200 records.
line 49 - 2026-04-01 15:46:00,370 - INFO - Math complete: 187 unique, 13 duplicates.
line 63 - 2026-04-01 15:46:00,390 - INFO - Creating Spark DataFrame...
line 69 - 2026-04-01 15:46:01,763 - INFO - Data generation and duplication successful.
line 73 - 2026-04-01 15:46:01,763 - INFO - Calculating summary statistics...
line 113 - 2026-04-01 15:50:19,872 - INFO - Summary printed to console.
line 136 - 2026-04-01 15:50:52,748 - INFO - Stoping Spark Session
line 138 - 2026-04-01 15:50:53,722 - INFO - Application finished sucessfully
line 570 - 2026-04-01 15:50:53,730 - INFO - Closing down clientserver connection
line 118 - 2026-04-01 15:56:56,284 - INFO - Application started.
line 33 - 2026-04-01 15:57:04,367 - INFO - CustomerDataGenerator initialized with Faker.
line 46 - 2026-04-01 15:57:04,367 - INFO - Starting data generation for 200 records.
line 50 - 2026-04-01 15:57:04,367 - INFO - Data generating completed: 188 unique, 12 duplicates.
line 64 - 2026-04-01 15:57:04,394 - INFO - Creating Spark DataFrame...
line 70 - 2026-04-01 15:57:05,629 - INFO - Data generation and duplication successful.
line 74 - 2026-04-01 15:57:05,629 - INFO - Calculating summary statistics...
line 114 - 2026-04-01 16:01:15,100 - INFO - Summary printed to console.
line 138 - 2026-04-01 16:01:47,583 - INFO - Stoping Spark Session
line 140 - 2026-04-01 16:01:48,542 - INFO - Application finished sucessfully
line 143 - 2026-04-01 16:01:48,543 - INFO - 
Total Execution Time: 292.26 seconds
line 570 - 2026-04-01 16:01:48,548 - INFO - Closing down clientserver connection
line 118 - 2026-04-01 16:11:38,673 - INFO - Application started.
line 33 - 2026-04-01 16:11:46,475 - INFO - CustomerDataGenerator initialized with Faker.
line 46 - 2026-04-01 16:11:46,475 - INFO - Starting data generation for 200 records.
line 50 - 2026-04-01 16:11:46,475 - INFO - Data generating completed: 167 unique, 33 duplicates.
line 64 - 2026-04-01 16:11:46,494 - INFO - Creating Spark DataFrame...
line 70 - 2026-04-01 16:11:47,701 - INFO - Data generation and duplication successful.
line 74 - 2026-04-01 16:11:47,701 - INFO - Calculating summary statistics...
line 114 - 2026-04-01 16:15:59,004 - INFO - Summary printed to console.
line 138 - 2026-04-01 16:16:31,750 - INFO - Stoping Spark Session
line 140 - 2026-04-01 16:16:32,699 - INFO - Application finished sucessfully
line 143 - 2026-04-01 16:16:32,699 - INFO - 
Total Execution Time: 294.03 seconds
line 570 - 2026-04-01 16:16:32,699 - INFO - Closing down clientserver connection
line 118 - 2026-04-01 16:19:02,111 - INFO - Application started.
line 33 - 2026-04-01 16:19:11,268 - INFO - CustomerDataGenerator initialized with Faker.
line 46 - 2026-04-01 16:19:11,268 - INFO - Starting data generation for 100 records.
line 50 - 2026-04-01 16:19:11,268 - INFO - Data generating completed: 85 unique, 15 duplicates.
line 64 - 2026-04-01 16:19:11,280 - INFO - Creating Spark DataFrame...
line 70 - 2026-04-01 16:19:12,741 - INFO - Data generation and duplication successful.
line 74 - 2026-04-01 16:19:12,741 - INFO - Calculating summary statistics...
line 114 - 2026-04-01 16:23:24,675 - INFO - Summary printed to console.
line 138 - 2026-04-01 16:23:58,735 - INFO - Stoping Spark Session
line 140 - 2026-04-01 16:23:59,686 - INFO - Application finished sucessfully
line 145 - 2026-04-01 16:23:59,686 - INFO - Total Execution Time: 04:57 (MM:SS)
line 570 - 2026-04-01 16:23:59,705 - INFO - Closing down clientserver connection
line 28 - 2026-04-01 16:50:34,513 - INFO - ---Initializing Spark ---
line 33 - 2026-04-01 16:50:43,309 - INFO - Running: test_duplication_properties
line 33 - 2026-04-01 16:50:43,412 - INFO - CustomerDataGenerator initialized with Faker.
line 46 - 2026-04-01 16:50:43,412 - INFO - Starting data generation for 200 records.
line 50 - 2026-04-01 16:50:43,412 - INFO - Data generating completed: 193 unique, 7 duplicates.
line 64 - 2026-04-01 16:50:43,439 - INFO - Creating Spark DataFrame...
line 70 - 2026-04-01 16:50:44,611 - INFO - Data generation and duplication successful.
line 68 - 2026-04-01 16:50:44,611 - INFO - Verifying duplication logic
line 33 - 2026-04-01 16:50:50,046 - INFO - Running: test_generate_customer_data
line 33 - 2026-04-01 16:50:50,049 - INFO - CustomerDataGenerator initialized with Faker.
line 46 - 2026-04-01 16:50:50,050 - INFO - Starting data generation for 200 records.
line 50 - 2026-04-01 16:50:50,052 - INFO - Data generating completed: 165 unique, 35 duplicates.
line 64 - 2026-04-01 16:50:50,094 - INFO - Creating Spark DataFrame...
line 70 - 2026-04-01 16:50:50,216 - INFO - Data generation and duplication successful.
line 60 - 2026-04-01 16:50:50,217 - INFO - Verifying DataFrame structure...
line 33 - 2026-04-01 16:50:53,366 - INFO - Running: test_generate_email
line 33 - 2026-04-01 16:50:53,366 - INFO - CustomerDataGenerator initialized with Faker.
line 46 - 2026-04-01 16:50:53,366 - INFO - Starting data generation for 200 records.
line 50 - 2026-04-01 16:50:53,366 - INFO - Data generating completed: 186 unique, 14 duplicates.
line 64 - 2026-04-01 16:50:53,389 - INFO - Creating Spark DataFrame...
line 70 - 2026-04-01 16:50:53,445 - INFO - Data generation and duplication successful.
line 38 - 2026-04-01 16:50:53,445 - INFO - Checking first_name, last_name, email...
line 81 - 2026-04-01 16:50:53,446 - INFO - --- Stopping Spark ---
line 570 - 2026-04-01 16:50:54,277 - INFO - Closing down clientserver connection
line 28 - 2026-04-01 16:52:55,108 - INFO - ---Initializing Spark ---
line 33 - 2026-04-01 16:53:02,781 - INFO - Running: test_duplication_properties
line 33 - 2026-04-01 16:53:02,881 - INFO - CustomerDataGenerator initialized with Faker.
line 46 - 2026-04-01 16:53:02,881 - INFO - Starting data generation for 200 records.
line 50 - 2026-04-01 16:53:02,881 - INFO - Data generating completed: 185 unique, 15 duplicates.
line 64 - 2026-04-01 16:53:02,900 - INFO - Creating Spark DataFrame...
line 70 - 2026-04-01 16:53:04,072 - INFO - Data generation and duplication successful.
line 68 - 2026-04-01 16:53:04,072 - INFO - Verifying duplication logic
line 33 - 2026-04-01 16:53:09,290 - INFO - Running: test_generate_customer_data
line 33 - 2026-04-01 16:53:09,295 - INFO - CustomerDataGenerator initialized with Faker.
line 46 - 2026-04-01 16:53:09,295 - INFO - Starting data generation for 200 records.
line 50 - 2026-04-01 16:53:09,297 - INFO - Data generating completed: 180 unique, 20 duplicates.
line 64 - 2026-04-01 16:53:09,319 - INFO - Creating Spark DataFrame...
line 70 - 2026-04-01 16:53:09,385 - INFO - Data generation and duplication successful.
line 60 - 2026-04-01 16:53:09,390 - INFO - Verifying DataFrame structure...
line 33 - 2026-04-01 16:53:12,078 - INFO - Running: test_generate_email
line 33 - 2026-04-01 16:53:12,080 - INFO - CustomerDataGenerator initialized with Faker.
line 46 - 2026-04-01 16:53:12,080 - INFO - Starting data generation for 200 records.
line 50 - 2026-04-01 16:53:12,081 - INFO - Data generating completed: 164 unique, 36 duplicates.
line 64 - 2026-04-01 16:53:12,098 - INFO - Creating Spark DataFrame...
line 70 - 2026-04-01 16:53:12,160 - INFO - Data generation and duplication successful.
line 38 - 2026-04-01 16:53:12,161 - INFO - Checking first_name, last_name, email...
line 81 - 2026-04-01 16:53:12,162 - INFO - --- Stopping Spark ---
line 570 - 2026-04-01 16:53:13,007 - INFO - Closing down clientserver connection
line 120 - 2026-04-01 16:57:58,052 - INFO - Application started.
line 25 - 2026-04-01 16:58:05,969 - INFO - CustomerDataGenerator initialized with Faker.
line 38 - 2026-04-01 16:58:05,969 - INFO - Starting data generation for 100 records.
line 42 - 2026-04-01 16:58:05,969 - INFO - Data generating completed: 82 unique, 18 duplicates.
line 56 - 2026-04-01 16:58:05,979 - INFO - Creating Spark DataFrame...
line 62 - 2026-04-01 16:58:07,155 - INFO - Data generation and duplication successful.
line 66 - 2026-04-01 16:58:07,155 - INFO - Calculating summary statistics...
line 106 - 2026-04-01 17:02:18,687 - INFO - Summary printed to console.
line 140 - 2026-04-01 17:02:52,399 - INFO - Stoping Spark Session
line 142 - 2026-04-01 17:02:53,365 - INFO - Application finished sucessfully
line 147 - 2026-04-01 17:02:53,365 - INFO - Total Execution Time: 04:55 (MM:SS)
line 570 - 2026-04-01 17:02:53,365 - INFO - Closing down clientserver connection
